// Jest Snapshot v1, https://goo.gl/fbAQLP

exports[`@cms/core/({
  children,
  className,
  id,
  shadow,
  bgColor,
  rounded,
  center,
  itemsCenter,
  style
}) => {
  /* istanbul ignore next */
  cov_au3s0ua3a().f[4]++;
  cov_au3s0ua3a().s[31]++;
  return /*#__PURE__*/(0, _jsxRuntime.jsx)("footer", {
    className: \`
            footer \${className ?
    /* istanbul ignore next */
    (cov_au3s0ua3a().b[15][0]++, className) :
    /* istanbul ignore next */
    (cov_au3s0ua3a().b[15][1]++, "p-10")} 
            \${shadow ?
    /* istanbul ignore next */
    (cov_au3s0ua3a().b[16][0]++, \`shadow-\${typeof shadow === "boolean" ?
    /* istanbul ignore next */
    (cov_au3s0ua3a().b[17][0]++, "xl") :
    /* istanbul ignore next */
    (cov_au3s0ua3a().b[17][1]++, shadow)}\`) :
    /* istanbul ignore next */
    (cov_au3s0ua3a().b[16][1]++, "")}
            \${rounded ?
    /* istanbul ignore next */
    (cov_au3s0ua3a().b[18][0]++, \`rounded-\${typeof rounded === "boolean" ?
    /* istanbul ignore next */
    (cov_au3s0ua3a().b[19][0]++, "box") :
    /* istanbul ignore next */
    (cov_au3s0ua3a().b[19][1]++, rounded)}\`) :
    /* istanbul ignore next */
    (cov_au3s0ua3a().b[18][1]++, "")}
            \${bgColor ?
    /* istanbul ignore next */
    (cov_au3s0ua3a().b[20][0]++, \`bg-\${bgColor} text-\${bgColor}-content\`) :
    /* istanbul ignore next */
    (cov_au3s0ua3a().b[20][1]++, "bg-base-300")}
            \${center ?
    /* istanbul ignore next */
    (cov_au3s0ua3a().b[21][0]++, \`footer-center\`) :
    /* istanbul ignore next */
    (cov_au3s0ua3a().b[21][1]++, "")}
            \${itemsCenter ?
    /* istanbul ignore next */
    (cov_au3s0ua3a().b[22][0]++, \`items-center\`) :
    /* istanbul ignore next */
    (cov_au3s0ua3a().b[22][1]++, "")}
            \`,
    id: id,
    style: style,
    children: children
  });
} should create snapshot 1`] = `
<div>
  <footer
    class="
            footer p-10 
            
            
            bg-base-300
            
            
            "
  >
    Test
  </footer>
</div>
`;
