// Jest Snapshot v1, https://goo.gl/fbAQLP

exports[`@cms/core/Ui_Badge should create snapshot 1`] = `
<div>
  <div
    class="badge   
        
        
        
        
        
        
        
        
        
        
        
        loading
        
        
        
        
        
        
        
        
         "
  />
</div>
`;
